### Task 1 on the official Labsetup ciphertext.txt

=== 1-gram (top 10 of 26 distinct) ===
   1. n      488  12.41%   english #1: e
   2. y      373   9.49%   english #2: t
   3. v      348   8.85%   english #3: a
   4. x      291   7.40%   english #4: o
   5. u      280   7.12%   english #5: i
   6. q      276   7.02%   english #6: n
   7. m      264   6.72%   english #7: s
   8. h      235   5.98%   english #8: h
   9. t      183   4.66%   english #9: r
  10. i      166   4.22%   english #10: d

=== 2-gram (top 10 of 292 distinct) ===
   1. yt     115   3.67%   english #1: th
   2. tn      89   2.84%   english #2: he
   3. mu      74   2.36%   english #3: in
   4. nh      58   1.85%   english #4: er
   5. vh      57   1.82%   english #5: an
   6. hn      57   1.82%   english #6: re
   7. vu      56   1.79%   english #7: on
   8. nq      53   1.69%   english #8: at
   9. xu      52   1.66%   english #9: en
  10. up      46   1.47%   english #10: nd

=== 3-gram (top 10 of 925 distinct) ===
   1. ytn     78   3.32%   english #1: the
   2. vup     30   1.28%   english #2: and
   3. mur     20   0.85%   english #3: ing
   4. ynh     18   0.77%   english #4: her
   5. xzy     16   0.68%   english #5: hat
   6. mxu     14   0.60%   english #6: his
   7. gnq     14   0.60%   english #7: tha
   8. ytv     13   0.55%   english #8: ere
   9. nqy     13   0.55%   english #9: for
  10. vii     13   0.55%   english #10: ent

ciphertext letters, most common first: nyvxuqmhtipaczlgbredfskjow
english   letters, most common first: etaoinshrdlcumwfgypbvkjxqz

ciphertext: 4759 chars, 800 words, 411 distinct
dictionary: 73201 words
solved in 45.0s, 1191936 search nodes, 23/26 letters pinned by the search, 1 corrected by refinement
sanity check: 763/800 decrypted words are real English (95.4%)

=== KEY ===
cipher : abcdefghijklmnopqrstuvwxyz
plain  : cfmypvbrlqxwiejdsgkhnazotu

(read it the other way round for the encryption key)
plain  : abcdefghijklmnopqrstuvwxyz
cipher : vgapnbrtmosicuxejhqyzflkdw

=== RECOVERED PLAINTEXT ===
the oscars turn  on sunday which seems about right after this long strange
awards trip the bagger feels like a nonagenarian too

the awards race was bookended by the demise of harvey weinstein at its outset
and the apparent implosion of his film company at the end and it was shaped by
the emergence of metoo times up blackgown politics armcandy activism and
a national conversation as brief and mad as a fever dream about whether there
ought to be a president winfrey the season didnt just seem extra long it was
extra long because the oscars were moved to the first weekend in march to
avoid conflicting with the closing ceremony of the winter olympics thanks
pyeongchang

one big question surrounding this years academy awards is how or if the
ceremony will address metoo especially after the golden globes which became
a jubilant comingout party for times up the movement spearheaded by 
powerful hollywood women who helped raise millions of dollars to fight sexual
harassment around the country

signaling their support golden globes attendees swathed themselves in black
sported lapel pins and sounded off about sexist power imbalances from the red
carpet and the stage on the air e was called out about pay inequity after
its former anchor catt sadler quit once she learned that she was making far
less than a male cohost and during the ceremony natalie portman took a blunt
and satisfying dig at the allmale roster of nominated directors how could
that be topped

as it turns out at least in terms of the oscars it probably wont be

women involved in times up said that although the globes signified the
initiatives launch they never intended it to be just an awards season
campaign or one that became associated only with redcarpet actions instead
a spokeswoman said the group is working behind closed doors and has since
amassed  million for its legal defense fund which after the globes was
flooded with thousands of donations of  or less from people in some 
countries


no call to wear black gowns went out in advance of the oscars though the
movement will almost certainly be referenced before and during the ceremony 
especially since vocal metoo supporters like ashley judd laura dern and
nicole kidman are scheduled presenters

another feature of this season no one really knows who is going to win best
picture arguably this happens a lot of the time inarguably the nailbiter
narrative only serves the awards hype machine but often the people forecasting
the race socalled oscarologists can make only educated guesses

the way the academy tabulates the big winner doesnt help in every other
category the nominee with the most votes wins but in the best picture
category voters are asked to list their top movies in preferential order if a
movie gets more than  percent of the firstplace votes it wins when no
movie manages that the one with the fewest firstplace votes is eliminated and
its votes are redistributed to the movies that garnered the eliminated ballots
secondplace votes and this continues until a winner emerges

it is all terribly confusing but apparently the consensus favorite comes out
ahead in the end this means that endofseason awards chatter invariably
involves tortured speculation about which film would most likely be voters
second or third favorite and then equally tortured conclusions about which
film might prevail

in  it was a tossup between boyhood and the eventual winner birdman
in  with lots of experts betting on the revenant or the big short the
prize went to spotlight last year nearly all the forecasters declared la
la land the presumptive winner and for two and a half minutes they were
correct before an envelope snafu was revealed and the rightful winner
moonlight was crowned

this year awards watchers are unequally divided between three billboards
outside ebbing missouri the favorite and the shape of water which is
the baggers prediction with a few forecasting a hail mary win for get out

but all of those films have historical oscarvoting patterns against them the
shape of water has  nominations more than any other film and was also
named the years best by the producers and directors guilds yet it was not
nominated for a screen actors guild award for best ensemble and no film has
won best picture without previously landing at least the actors nomination
since braveheart in  this year the best ensemble sag ended up going to
three billboards which is significant because actors make up the academys
largest branch that film while divisive also won the best drama golden globe
and the bafta but its filmmaker martin mcdonagh was not nominated for best
director and apart from argo movies that land best picture without also
earning best director nominations are few and far between






written to /home/user/Client-Acquisition-System-for-Clinibot/seed-labs/secret-key-encryption/Files/official/plaintext_recovered.txt
